// Jest Snapshot v1, https://goo.gl/fbAQLP

exports[`Pruebas en <AppRouter /> Debe mostrar el login si no esta autenticado 1`] = `
<div>
  <div
    className="container mt-5"
  >
    <h1>
      Login
    </h1>
    <button
      className="btn btn-primary"
      onClick={[Function]}
    >
      Login
    </button>
  </div>
</div>
`;
